######################################################################
##
##  git remote -v
##  git remote rename origin pch_fixes
##  git remote add origin  https://stahta01@github.com/stahta01/codeblocks_https_metadata.git
##  git branch --list
##  git checkout -b PCH/cbp_fixes pch_fixes/PCH/cbp_fixes
##
##
cd ../codeblocks_PCH_fixes-git && git status -uno
git fetch pch_fixes && git fetch origin && git status -uno
git checkout master && git pull origin master && git status -uno
git svn fetch && git svn info
#
####

# Projects with checked issues
    wxContribItems_wx30.cbp     Checked OK for "NOPCH".
    wxContribItems.cbp          Checked OK for "NOPCH".
    envvars_wx30.cbp            Checked OK for "NOPCH".
    wxSmith_wx30.cbp            Checked OK for "NOPCH".
    wxSmith.cbp                 Checked OK for "NOPCH".
    Exporter_wx30.cbp           Checked OK for "NOPCH".
    Exporter_wx30.cbp           Checked OK for Missing [directory="../../../.objs]
    wxContribItems.cbp          Checked OK for "pch/wx_pch.h"
    wxContribItems_wx30.cbp     Checked OK for "pch/wx_pch.h"
    wxSmith-unix.cbp            Checked OK for "pch/wx_pch.h"
    wxSmith.cbp                 Checked OK for "pch/wx_pch.h"
    wxSmith_wx30.cbp            Checked OK for "pch/wx_pch.h"

# Projects with issues
 Missing "-Winvalid-pch"
    TestPlot.cbp                    PCH/misc
    IETest.cbp                      PCH/misc
 Has "NOPCH"
    wxSmith-unix.cbp
 Missing [directory="../../../.objs]
    wxSmithDemo.cbp
 Has "wx_pch.h"
    Exporter_wx30.cbp
    SpellChecker_wx30.cbp
    wxContribItems.cbp
    wxContribItems_wx30.cbp
    wxSmith-unix.cbp
    wxSmith.cbp
    wxSmith_wx30.cbp
    wxSmithAui.cbp
    wxSmithAui_wx30.cbp
    wxSmithContribItems-unix.cbp
    wxSmithContribItems.cbp
    wxSmithContribItems_wx30.cbp

# Things I copy and paste.

$(CBDIR)/.objs/include
../../../.objs/include
../../../.objs30/include
../../../.objs30_64/include
##
# - pch_cbp_win_wx28:
# - pch_cbp_win_wx30:
# - pch_cbp_unix:
# fixup!
#
####

cd ../codeblocks_PCH_fixes-git && git fetch pch_fixes
git checkout PCH/cbp_fixes && git status -uno
##
# Rebase this complete section after one is added or 
#   a branch is changed.
# Only add new branches after the first "git gc" of the rebase list.
# git rebase --abort
git fetch pch_fixes     && \
git gc                  && \
git rebase pch_fixes/PCH/devpak_plugin && \
# PCH/toolsplus needs Extra Approval from CB Team
git rebase pch_fixes/PCH/toolsplus  && \
git rebase pch_fixes/PCH/contrib && \
git rebase pch_fixes/PCH/help_plugin  && \
git rebase pch_fixes/PCH/codesnippets && \
git rebase pch_fixes/PCH/misc && \
git rebase pch_fixes/PCH/HexEditor && \
git rebase pch_fixes/PCH/headerfixup && \
git rebase pch_fixes/PCH/BrowseTracker && \
git rebase pch_fixes/PCH/NassiShneiderman && \
git rebase pch_fixes/PCH/keybinder && \
git rebase pch_fixes/PCH/DoxyBlocks && \
git rebase pch_fixes/PCH/FileManager && \
git rebase pch_fixes/PCH/source_exporter && \
git rebase pch_fixes/PCH/SpellChecker && \
git rebase pch_fixes/PCH/SmartIndent && \
git rebase pch_fixes/PCH/wxSmith   && \
#  git rebase --abort
#  git rebase --skip
##
git fetch origin && git rebase origin/portability/fixes && git status -uno
#  git log -5
#  git rebase -i HEAD~5
git push pch_fixes 
#  git rebase origin/master && git push pch_fixes --force-with-lease
##

git --no-pager log --pretty=format:%s origin/portability/fixes..pch_fixes/PCH/cbp_fixes

git --no-pager log --pretty=format:%s -10
- pch_cbp_win_wx28: Removed define of "WX_PRECOMP". (Thanks stahta01)
- devpak_plugin: Added search path "sdk/wxscintilla/include". (Thanks stahta01)
- pch_cbp_win_wx30: Changed "NOPCH" to "CB_PRECOMP". (Thanks stahta01)
- devpak_plugin: Added compiler option [-include "sdk.h"]. (Thanks stahta01)
- pch_cbp_win_wx30: Added object search folder. (Thanks stahta01)
- pch_cbp_win_wx30: Added "-Winvalid-pch". (Thanks stahta01)
* devpak_plugin: Added object search folders. (Thanks stahta01)
- devpak_plugin: Added search path "sdk/wxscintilla/include". (Thanks stahta01)
- devpak_plugin: Added compiler option [-include "sdk.h"]. (Thanks stahta01)
- devpak_plugin: Save-As Windows CB projects. (Thanks stahta01)

# # Currently pch_fixes/PCH/devpak_plugin is the top rebase branch in the long list.
git fetch pch_fixes && git --no-pager log --pretty=format:%s pch_fixes/PCH/core..pch_fixes/PCH/devpak_plugin
- devpak_plugin: Added search path "sdk/wxscintilla/include". (Thanks stahta01)
- pch_cbp_win_wx30: Changed "NOPCH" to "CB_PRECOMP". (Thanks stahta01)
- devpak_plugin: Added compiler option [-include "sdk.h"]. (Thanks stahta01)
- pch_cbp_win_wx30: Added object search folder. (Thanks stahta01)
- pch_cbp_win_wx30: Added "-Winvalid-pch". (Thanks stahta01)
* devpak_plugin: Added object search folders. (Thanks stahta01)
- devpak_plugin: Added search path "sdk/wxscintilla/include". (Thanks stahta01)
- devpak_plugin: Added compiler option [-include "sdk.h"]. (Thanks stahta01)
- devpak_plugin: Save-As Windows CB projects. (Thanks stahta01)


####
#
#
#

###
# pch_cbp_win_wx28:
# pch_cbp_win_wx30:
# pch_cbp_unix:
# wxContribItems:
# lib_finder:
##
# git checkout -b PCH/wxContribItems pch_fixes/PCH/wxContribItems
##
cd ../codeblocks_PCH_fixes-git && git fetch pch_fixes
git checkout PCH/wxContribItems && git status -uno
# git fetch origin && git rebase origin/wxContribItems && git status -uno
git rebase pch_fixes/PCH/core && git status -uno
git push pch_fixes
##  git rebase master && git push pch_fixes --force-with-lease
###

git rebase -i pch_fixes/PCH/core

git --no-pager log --pretty=format:%s origin/master..origin/wxContribItems

M       src/plugins/contrib/wxContribItems/wxContribItems.cbp
Falling back to patching base and 3-way merge...
Auto-merging src/plugins/contrib/wxContribItems/wxContribItems.cbp
CONFLICT (content): Merge conflict in src/plugins/contrib/wxContribItems/wxContribItems.cbp
error: Failed to merge in the changes.
Patch failed at 0022 - wxContribItems.cbp: Added [-include "wx_pch.h"]. (Thanks stahta01)

git format-patch pch_fixes/PCH/core
0001-wxContribItems-Change-the-project-define-WXMAKINGDLL.patch
0002-pch_cbp_unix-Added-object-include-search-folder.-Tha.patch
0003-lib_finder-Fixed-PCH-code-issues-using-sdk.h-.-Thank.patch
0004-wxContribItems-Removed-include-of-wx-wxprec.h-.-Than.patch
0005-lib_finder-Saves-As-Windows-projects.-Thanks-stahta0.patch
0006-ThreadSearch-Save-As-Windows-projects.-Thanks-stahta.patch
0007-Test-Only-Added-wxContribItemsPlugins-workspace-s.patch
0008-pch_cbp_win_wx30-Added-Winvalid-pch-.-Thanks-stahta0.patch
0009-pch_cbp_win_wx30-Added-object-search-folder.-Thanks-.patch
0010-pch_cbp_win_wx30-Changed-NOPCH-to-CB_PRECOMP-.-Thank.patch
0011-wxContribItems-Added-pch-wx_pch.h.-Thanks-stahta01.patch
git apply --reject 0012-wxContribItems.cbp-Added-include-wx_pch.h-.-Thanks-s.patch
0013-pch_cbp_win_wx30-Added-option-Winvalid-pch-.-Thanks-.patch
0014-wxContribItems_wx30.cbp-Added-include-wx_pch.h-.-Tha.patch

git --no-pager log --pretty=format:%s pch_fixes/PCH/core..pch_fixes/PCH/wxContribItems
- wxContribItems_wx30.cbp: Added [-include "wx_pch.h"]. (Thanks stahta01)
- pch_cbp_win_wx30: Added option "-Winvalid-pch". (Thanks stahta01)
- wxContribItems.cbp: Added [-include "wx_pch.h"]. (Thanks stahta01)
* wxContribItems: Added pch/wx_pch.h. (Thanks stahta01)
- pch_cbp_win_wx30: Changed "NOPCH" to "CB_PRECOMP". (Thanks stahta01)
- pch_cbp_win_wx30: Added object search folder. (Thanks stahta01)
- pch_cbp_win_wx30: Added "-Winvalid-pch". (Thanks stahta01)
* Test Only: Added wxContribItemsPlugins workspace(s).
- ThreadSearch: Save-As Windows projects. (Thanks stahta01)
- lib_finder: Saves-As Windows projects. (Thanks stahta01)
* wxContribItems: Removed include of "wx/wxprec.h". (Thanks stahta01)
- lib_finder: Fixed PCH code issues using "sdk.h". (Thanks stahta01)
- pch_cbp_unix: Added object include search folder. (Thanks stahta01)
* wxContribItems: Change the project define "WXMAKINGDLL" into target defines of "WXUSINGDLL". (Thanks stahta01)


# git rebase pch_fixes/PCH/wxSmith

M       src/plugins/contrib/wxContribItems/wxContribItems.cbp
Falling back to patching base and 3-way merge...
Auto-merging src/plugins/contrib/wxContribItems/wxContribItems.cbp
CONFLICT (content): Merge conflict in src/plugins/contrib/wxContribItems/wxContribItems.cbp
error: Failed to merge in the changes.
Patch failed at 0006 - wxContribItems: Removed unneeded search directories and libs. (Thanks stahta01)

# git fetch origin && git rebase origin/portability/fixes && git status -uno

M       src/plugins/contrib/wxContribItems/wxContribItems.cbp
Falling back to patching base and 3-way merge...
Auto-merging src/plugins/contrib/wxContribItems/wxContribItems.cbp
CONFLICT (content): Merge conflict in src/plugins/contrib/wxContribItems/wxContribItems.cbp
error: Failed to merge in the changes.
Patch failed at 0022 - wxContribItems.cbp: Added [-include "wx_pch.h"]. (Thanks stahta01)

###
# pch_cbp_win_wx28:
# pch_cbp_win_wx30:
# pch_cbp_unix:
# wxSmith:
# wxSmithAui:
# wxSmithContribItems:
#
##
# git checkout -b PCH/wxSmith pch_fixes/PCH/wxSmith
##
cd ../codeblocks_PCH_fixes-git && git fetch pch_fixes
git checkout PCH/wxSmith && git status -uno
# git pull
git rebase pch_fixes/PCH/wxContribItems && git status -uno
git push pch_fixes
##  git rebase master && git push pch_fixes --force-with-lease

* wxSmith.cbp: Changed to using USE_PCH and wx_pch.h. (Thanks stahta01)

And, removed CB_PRECOMP, WX_PRECOMP, and NOPCH.
Also, added NOPCH to plugin file target.

-include "wx_pch.h"

git rebase -i pch_fixes/PCH/wxContribItems

git --no-pager log --pretty=format:%s PCH/wxContribItems..HEAD

git format-patch PCH/wxContribItems


###
cd ../codeblocks_PCH_fixes-git
git checkout PCH/BrowseTracker && git status -uno
#
git push pch_fixes -u
##  git rebase master && git push pch_fixes --force-with-lease

###
# * SmartIndent: Removed "wx/wxprec.h" and "wx/wx.h" from headers. (Thanks stahta01)
cd ../codeblocks_PCH_fixes-git
git checkout PCH/SmartIndent && git status -uno
#
git rebase pch_fixes/PCH/core && git status -uno
#
git push pch_fixes
##  git rebase master && git push pch_fixes --force-with-lease


###
cd ../codeblocks_PCH_fixes-git
git checkout PCH/keybinder && git status -uno
#
git rebase pch_fixes/PCH/core && git status -uno
#
git push pch_fixes
##  git rebase master && git push pch_fixes --force-with-lease

#include "sdk.h" // Code::Blocks SDK and Precompiled Header


###
cd ../codeblocks_PCH_fixes-git
git checkout PCH/DoxyBlocks && git status -uno
#
git rebase pch_fixes/PCH/core && git status -uno
#
git push pch_fixes
##  git rebase master && git push pch_fixes --force-with-lease

###
# FileManager:
#
cd ../codeblocks_PCH_fixes-git && git fetch pch_fixes
git checkout PCH/FileManager && git status -uno
#
git rebase pch_fixes/PCH/core && git status -uno
#
git push pch_fixes
##  git rebase master && git push pch_fixes --force-with-lease

###
# pch_cbp_win_wx28:
# pch_cbp_win_wx30:
# pch_cbp_unix:
# NassiShneiderman: 
#
cd ../codeblocks_PCH_fixes-git
git checkout PCH/NassiShneiderman && git status -uno
#
git rebase pch_fixes/PCH/core && git status -uno
#
git push pch_fixes
##  git rebase master && git push pch_fixes --force-with-lease

git --no-pager log --pretty=format:%s pch_fixes/PCH/core..HEAD
b1bc874 - pch_cbp_win_wx30: Changed "NOPCH" to "CB_PRECOMP". (Thanks stahta01)
0a4f9dd - pch_cbp_win_wx30: Added object search folder. (Thanks stahta01)
b8b8784 - pch_cbp_win_wx30: Added "-Winvalid-pch". (Thanks stahta01)
06a7df1 - NassiShneiderman: Save-As Windows CB projects. (Thanks stahta01)
77a5b2f - pch_cbp_unix: Removed define "BUILDING_PLUGIN". (Thanks stahta01)
99a7022 - pch_cbp_win_wx30: Save as CB Project(s).
570d1f0 - pch_cbp_win_wx28: Save as CB Project(s).
cfe8c96 - NassiShneiderman: Fixed PCH issues in code using "sdk.h". (Thanks stahta01)

###
# - toolsplus: Fixed PCH issues in code using "sdk.h". (Thanks stahta01)
# cbp_win_wx30: Save-As Windows CB Projects. (Thanks stahta01)
# pch_cbp_win_wx30:
cd ../codeblocks_PCH_fixes-git
git checkout PCH/toolsplus && git status -uno
# 
git rebase pch_fixes/PCH/core && git status -uno
#
git push pch_fixes 
##  git rebase master && git push pch_fixes --force-with-lease

git rebase -i origin/master

"ToolsPlus: Save-As Windows CB projects."

git --no-pager log --pretty=format:%s pch_fixes/PCH/core..HEAD
- pch_cbp_win_wx30: Changed "NOPCH" to "CB_PRECOMP". (Thanks stahta01)
- pch_cbp_win_wx30: Added object search folder. (Thanks stahta01)
- pch_cbp_win_wx30: Added "-Winvalid-pch". (Thanks stahta01)
- cbp_win_wx30: Save-As Windows CB Projects. (Thanks stahta01)
- pch_cbp_unix: Added object include search folder. (Thanks stahta01)
- toolsplus: Fixed PCH issues in code using "sdk.h". (Thanks stahta01)
* remove_do_not_edit_this_file: Removed from CmdConfigDialog.cpp/h files the do NOT edit text. (Thanks stahta01)

git --no-pager log --pretty=format:%s origin/master..pch_fixes/PCH/core
- CodeBlocks_wx30.cbp: Enabled PCH files. (Thanks stahta01)
* pch_cbp_unix: Added define "NOPCH" to targets scintilla and wxpropgrid. (Thanks stahta01)
* defaultmimehandler: Removed "wx/wxprec.h" and "wx/wx.h" from header. (Thanks stahta01)
* debuggergdb: Removed "wx/wxprec.h" from header. (Thanks stahta01)
* codecompletion: Removed include of "wx/wxprec.h" and "wx/wx.h". (Thanks stahta01)
* occurrenceshighlighting: Added needed wx headers. (Thanks stahta01)
* src: Added needed wx headers. (Thanks stahta01)
- compilergcc: Removed "wx/wx.h" headers. (Thanks stahta01)
* astyle: Added needed wx headers. (Thanks stahta01)
* abbreviations: Added needed wx headers. (Thanks stahta01)
- sdk: Removed include of "wx/wxprec.h" and "wx/wx.h" from headers.

git fetch origin --prune
git --no-pager log --pretty=format:%s origin/master..origin/portability/fixes
- win_cbp: Moved wxmsw$(WX_VERSION)$(WX_SUFFIX) from project level to target level. (Thanks stahta01)
* SpellChecker: Removed "*" from after "\" from second xcopy param. (Thanks stahta01)
* help_plugin: Fixed to use just bzip2 and z in the library link list.(Thanks stahta01)
* wxSmithPlot/wxsSmithPlot.cpp: Disabled Compiling and linking of file. (Thanks stahta01)
- Removed unneeded wxscintilla_cb library from link list. (Thanks stahta01)
- Removed unneeded wxpropgrid library from link list. (Thanks stahta01)
- Core app & plugins: Added target Abbreviations to virtual target. (Thanks stahta01)
- wxContribItems: Removed unneeded search directories and libs. (Thanks stahta01)
- Workspace: Replaced "lib_finder" project dependency with "wxContribItems". (Thanks stahta01)
* wxContribItems: Change the project define "WXMAKINGDLL" into target defines of "WXUSINGDLL". (Thanks stahta01)
- ToolsPlus.cbp: Save-As CB Project. (Thanks stahta01)
- BrowseTracker: Save-As CB Windows project files. (Thanks stahta01)
- SpellChecker: Save-As CB WinOS projects using CB 13.12.
- help_plugin: Save-As using CB 13.12.

###
#
##
# git checkout -b PCH/core pch_fixes/PCH/core
##
cd ../codeblocks_PCH_fixes-git
git checkout PCH/core && git status -uno
# 
git push pch_fixes 
##  git rebase origin/master && git push pch_fixes --force-with-lease

git rebase -i origin/master

git format-patch origin/master


0001-sdk-Removed-include-of-wx-wxprec.h-and-wx-wx.h-from-.patch
0002-codecompletion-Removed-include-of-wx-wxprec.h-and-wx.patch
0003-pch_cbp_unix-Added-define-NOPCH-to-targets-scintilla.patch
0004-CodeBlocks_wx30.cbp-Enabled-PCH-files.-Thanks-stahta.patch
git apply 0005-core-Removed-include-of-wx-wxprec.h-and-wx-wx.h-from.patch

git --no-pager log eb84cd3f8cd22a6a3049a8bc928675f0db1f25a7..HEAD

commit a36fdbb26b1612757e0cfc29ccb0104ef8637b07
Author: Tim S <stahta01@users.sourceforge.net>
Date:   Sat Nov 28 21:02:07 2015 -0500

    - CodeBlocks_wx30.cbp: Enabled PCH files. (Thanks stahta01)

    Added define of "CB_PRECOMP".
    And, removed define of NOPCH.
    Also, added option "-Winvalid-pch".



commit 029916c881f4d51738c35c5d92e7d6c76e3d493c
Author: Tim S <stahta01@gmail.com>
Date:   Fri Dec 18 12:06:33 2015 -0500

    * pch_cbp_unix: Added define "NOPCH" to targets scintilla and wxpropgrid. (Thanks stahta01)




git --no-pager log --pretty=format:%s --author=Tim eb84cd3f8cd22a6a3049a8bc928675f0db1f25a7..HEAD

###
../../../.objs/include
* pch_cbp_win_wx28: Added object search folders. (Thanks stahta01)

- pch_cbp_win_wx28: Save-As some Windows CB projects. (Thanks stahta01)

src\plugins\contrib\dragscroll\dragscroll.cpp|10|warning: ..\..\..\.objs\include/sdk.h.gch: not used because `CB_PRECOMP' not defined [-Winvalid-pch]|

# Git contrib workspace wx28 build time(s): 4:22 after PCH fixes: 2:05
# - : Save-As Windows CB projects. (Thanks stahta01)
##
# git checkout -b PCH/contrib pch_fixes/PCH/contrib
##
cd ../codeblocks_PCH_fixes-git
git checkout PCH/contrib && git fetch pch_fixes && git status -uno
# 
git rebase pch_fixes/PCH/core && git status -uno
#
git push pch_fixes 
##  git rebase master && git push pch_fixes --force-with-lease

git rebase -i pch_fixes/PCH/core

git --no-pager log --pretty=format:%s pch_fixes/PCH/core..HEAD


###
#
cd ../codeblocks_PCH_fixes-git
git checkout PCH/help_plugin && git status -uno
#
git rebase pch_fixes/PCH/core && git status -uno
#
git push pch_fixes 
##  git rebase master && git push pch_fixes --force-with-lease

git --no-pager log --pretty=format:%s pch_fixes/PCH/core..HEAD
- pch_cbp_win_wx30: Changed "NOPCH" to "CB_PRECOMP". (Thanks stahta01)
- pch_cbp_win_wx30: Added object search folder. (Thanks stahta01)
- pch_cbp_win_wx30: Added "-Winvalid-pch". (Thanks stahta01)

###
#
cd ../codeblocks_PCH_fixes-git
git checkout PCH/codesnippets && git status -uno
#
git rebase pch_fixes/PCH/core && git status -uno
#
git push pch_fixes 
##  git rebase master && git push pch_fixes --force-with-lease

git rebase -i pch_fixes/PCH/core

###
#
cd ../codeblocks_PCH_fixes-git
git checkout PCH/HexEditor && git status -uno
#
git rebase pch_fixes/PCH/core && git status -uno
#
git push pch_fixes 
##  git rebase master && git push pch_fixes --force-with-lease

git --no-pager log --pretty=format:%s pch_fixes/PCH/core..HEAD
add4681 - pch_cbp_win_wx30: Changed "NOPCH" to "CB_PRECOMP". (Thanks stahta01)
ecb29e8 - pch_cbp_win_wx30: Added object search folder. (Thanks stahta01)
a7b982d - pch_cbp_win_wx30: Added "-Winvalid-pch". (Thanks stahta01)
6b6d306 - HexEditor: Save-As Windows CB projects. (Thanks stahta01)

###
cd ../codeblocks_PCH_fixes-git
git checkout PCH/headerfixup && git status -uno
#
git rebase pch_fixes/PCH/core && git status -uno
#
git push pch_fixes 
##  git rebase master && git push pch_fixes --force-with-lease

git --no-pager log --pretty=format:%s pch_fixes/PCH/core..PCH/headerfixup
03dc1e4 - pch_cbp_win_wx30: Changed "NOPCH" to "CB_PRECOMP". (Thanks stahta01)
6d36b0e - pch_cbp_win_wx30: Added object search folder. (Thanks stahta01)
f6a1e3e - pch_cbp_win_wx30: Added "-Winvalid-pch". (Thanks stahta01)
7887823 - headerfixup: Save-As Windows CB Projects. (Thanks stahta01)

###

###
cd ../codeblocks_PCH_fixes-git
git checkout PCH/misc && git status -uno
##  git log
git rebase pch_fixes/PCH/core && git status -uno
#
git push -u pch_fixes 
##  git rebase master && git push pch_fixes --force-with-lease
###


cd ../codeblocks_PCH_fixes-git
git checkout PCH/source_exporter && git status -uno
##  git log
git push pch_fixes 
##  git rebase master && git push pch_fixes --force-with-lease
###
# fixup!
##
cd ../codeblocks_PCH_fixes-git && git fetch pch_fixes
git checkout PCH/SpellChecker && git status -uno
#  git log
git rebase pch_fixes/PCH/core && git status -uno
#  git rebase -i pch_fixes/PCH/core
#  git status -uno
git push pch_fixes 
#  git rebase master && git push pch_fixes --force-with-lease
##

git --no-pager log --pretty=format:%s pch_fixes/PCH/core..pch_fixes/PCH/SpellChecker
* SpellChecker_wx30.cbp: Added [-include "wx_pch.h"] and "USE_PCH". (Thanks stahta01)
* SpellChecker: Added wx_pch.h file.
* SpellChecker: Rearranged headers so "sdk.h" is first. (Thanks stahta01)
- pch_cbp_win_wx30: Changed "NOPCH" to "CB_PRECOMP". (Thanks stahta01)
- pch_cbp_win_wx30: Added object search folder. (Thanks stahta01)
- pch_cbp_win_wx30: Added "-Winvalid-pch". (Thanks stahta01)
- cbp_win_wx30: Save-As Windows CB projects. (Thanks stahta01)

###


###

##
# git checkout -b PCH/devpak_plugin pch_fixes/PCH/devpak_plugin
##
cd ../codeblocks_PCH_fixes-git && git fetch pch_fixes
git checkout PCH/devpak_plugin && git status -uno
#
git rebase pch_fixes/PCH/core && git status -uno
#
git push pch_fixes 
##  git rebase master && git push pch_fixes --force-with-lease

#  ..\..\..\sdk\wxscintilla\include

git --no-pager log --pretty=format:%s pch_fixes/PCH/core..pch_fixes/PCH/devpak_plugin
- devpak_plugin: Added search path "sdk/wxscintilla/include". (Thanks stahta01)
- pch_cbp_win_wx30: Changed "NOPCH" to "CB_PRECOMP". (Thanks stahta01)
- pch_cbp_win_wx30: Added object search folder. (Thanks stahta01)
- devpak_plugin: Added compiler option [-include "sdk.h"]. (Thanks stahta01)
- devpak_plugin: Added search path "sdk/wxscintilla/include". (Thanks stahta01)
- pch_cbp_win_wx30: Changed "NOPCH" to "CB_PRECOMP". (Thanks stahta01)
- devpak_plugin: Added compiler option [-include "sdk.h"]. (Thanks stahta01)
- pch_cbp_win_wx30: Added object search folder. (Thanks stahta01)
- pch_cbp_win_wx30: Added "-Winvalid-pch". (Thanks stahta01)
* devpak_plugin: Added object search folders. (Thanks stahta01)
- devpak_plugin: Added search path "sdk/wxscintilla/include". (Thanks stahta01)
- devpak_plugin: Added compiler option [-include "sdk.h"]. (Thanks stahta01)
- devpak_plugin: Save-As Windows CB projects. (Thanks stahta01)
