Based on the idea from  http://trac.parrot.org/parrot/wiki/git-svn-tutorial

Warning: I am a Git Newbie; these steps created via trial and error.

Welcome to Git (version 1.8.5.2-preview20131230)
$ git --version
git version 1.8.5.2.msysgit.0


Step 1: Create clone Mirror as local Repo
note: You can replace repo_folder_name with another folder name

Step 1A: Clone Git Mirror Obf

Use the next line for Git Mirrors by Obf
$ git clone --origin upstream --branch master http://github.com/obfuscated/codeblocks_sf.git repo_folder_name

Step 1B: Change current directory and check status
$ cd repo_folder_name
$ git status

Step 1C: Go back one commint
Note: Not sure if this step is needed or NOT to keep the "git svn fetch" from taking a long time to finish.
git reset --hard HEAD~1

Step 1D: Get Hash code and URL
$ git log --grep=^git-svn-id: --first-parent -1 | head -n 7
commit 10bc3dc8a82dae8560975023ed28d0a4d059d959
Author: asmwarrior <asmwarrior@codeblocks.org>
Date:   Fri Oct 17 12:29:04 2014 +0000

    * CC: handling __declspec (xxx) in ParserThread::DoParse() function. Move handling __attribute__ keyword to the switch case statements.

    git-svn-id: https://svn.code.sf.net/p/codeblocks/code/trunk@10001 2a5c6006-c6dd-42ca-98ab-0921f2732cef

Step 2: Create SVN config and folder 
Step 2A: Set svn-remote "svn" URL in info git config file
Use the next line for Git Mirrors by Obf
$ git config svn-remote.svn.url https://svn.code.sf.net/p/codeblocks/code

Step 2B: Set svn-remote "svn" fetch and branch info in git config file
Use the next 3 lines for all Git Mirrors
$ git config svn-remote.svn.fetch trunk:refs/remotes/git-svn-stuff/trunk
$ git config svn-remote.svn.branches branches/*:refs/remotes/git-svn-stuff/*
$ git config svn-remote.svn.tags tags/*:refs/remotes/git-svn-stuff/tags/*

Step 2C: Create git-svn-stuff folder needed by svn-remote "svn"
$ mkdir .git/refs/remotes/git-svn-stuff

Step 2D: get hash code of current local commit
$ git show heads/master | head -n 1
commit 10bc3dc8a82dae8560975023ed28d0a4d059d959

Step 2E: Create remotes trunk using hash code
Replace hash with value returned by the above command
$ echo 10bc3dc8a82dae8560975023ed28d0a4d059d959 > .git/refs/remotes/git-svn-stuff/trunk

Step 2F: Verify hash code was created
$ git show remotes/git-svn-stuff/trunk | head -n 1

Steps 3 thru 6 Deleted

Step 7: SVN fetch
$ git svn fetch svn -r10002

Step 8: Test git svn info
Takes about a minute to return results.
Note: If it does NOT work no results are ever returned in some cases.
$ git svn info

Step 9: Force branch master to use rebase.
SVN does not like git merge so set to use git rebase by default (most of the time).
$ git config master.rebase true 

Step 10: Test "git pull" and "git svn rebase"
Note: I am guessing that the "git svn rebase" should be done after all "git pull" commands.
$ git fetch upstream
$ git pull --rebase upstream master
$ git svn fetch
$ git svn rebase
$ git status

NOTE: "git svn rebase" seems to fail to often for me using the 1.8 version of MSysGit.
I used the steps in file "git svn rebase test 1.txt" instead.
I am now trying "git svn rebase" to see if it work in version 1.9.4.msysgit.2
Had a different bug using version 1.9.4.msysgit.2; it did NOT like using the GnuWin32 patch command EOL issues.

Now trying 1.8 version and "git svn rebase" once more to see if problem still happens or not.

NOTE: I have thoughts that the setting of upstream might have effects on "git svn info"
git branch --set-upstream-to=origin/svn_rebase/master
git branch --set-upstream-to=origin/master
git branch --set-upstream-to=upstream/master
git fetch origin
git branch --set-upstream-to=origin/git_rebase/master
