Based on the idea from  http://trac.parrot.org/parrot/wiki/git-svn-tutorial

Warning: I am a Git Newbie; these steps created via trial and error.

Welcome to Git (version 1.8.5.2-preview20131230)
$ git --version
git version 1.8.5.2.msysgit.0


Step 1: Create clone Mirror as local Repo
note: You can replace repo_folder_name with another folder name

Step 1A: Clone Git Mirror (Obf or Biplab)

Use the next line for Git Mirrors by biplab
$ git clone --origin upstream --branch master git://cb.biplab.in/codeblocks.git repo_folder_name

Use the next line for Git Mirrors by Obf
$ git clone --origin upstream --branch master http://github.com/obfuscated/codeblocks_sf.git repo_folder_name

Step 1B: Change current directory and check status
$ cd repo_folder_name
$ git status

Step 1B2: Force branch master to use rebase.
SVN does not like git merge so set to use git rebase.
Note: Moved this step to here in hopes it helps; I have not tested it, yet.
$ git config master.rebase true 

Step 1C: Get Hash code and URL
$ git log --grep=^git-svn-id: --first-parent -1 | head -n 12
commit 1d602e1d33ffc1b637ba3fb7a82fcde0394ae9be
Author: T Petrov <tpetrov@codeblocks.org>
Date:   Mon Mar 9 19:10:56 2015 +0000

    * CC: Fix infinite loop when traversing headers and there are loops caused b
y symlinks (ticket #14)

    > Use a set to store all paths that have already being traversed.
    > Detect when we are at a symbolic link path and resolve it to its original
      path.
    > Use the set to prevent traversing a path that has already being traversed.


    git-svn-id: https://svn.code.sf.net/p/codeblocks/code/trunk@10137 2a5c6006-c
6dd-42ca-98ab-0921f2732cef
Step 2: Create SVN config and folder 
Step 2A: Set svn-remote "svn" URL in info git config file
Use the next line for Git Mirrors by biplab
$ git config svn-remote.svn.url http://svn.code.sf.net/p/codeblocks/code
Use the next line for Git Mirrors by Obf
$ git config svn-remote.svn.url https://svn.code.sf.net/p/codeblocks/code

Step 2B: Set svn-remote "svn" fetch and branch info in git config file
Use the next 3 lines for all Git Mirrors
$ git config svn-remote.svn.fetch trunk:refs/remotes/git-svn-stuff/trunk
$ git config svn-remote.svn.branches branches/*:refs/remotes/git-svn-stuff/*
$ git config svn-remote.svn.tags tags/*:refs/remotes/git-svn-stuff/tags/*

Step 2C: Create git-svn-stuff folder needed by svn-remote "svn"
$ mkdir .git/refs/remotes/git-svn-stuff


Step 3: get hash code of current local commit
$ git show heads/master | head -n 1
commit 1d602e1d33ffc1b637ba3fb7a82fcde0394ae9be

Step 4: Create remotes trunk using hash code
Replace hash with value returned by the above command
$ echo 1d602e1d33ffc1b637ba3fb7a82fcde0394ae9be > .git/refs/remotes/git-svn-stuff/trunk

Step 5: Verify hash code was created
$ git show remotes/git-svn-stuff/trunk | head -n 1

Step 6: SVN find-rev
Note: When, I have long output for this command, it is a good sign.
$ git svn find-rev r1
$ git svn find-rev HEAD

NOTE: The steps below likely need work to make them better.
Try to follow steps in file "git svn rebase test 1.txt" next time.

Step 7: SVN fetch
Note: This step can take a very long time as in many hours to finish.
$ git svn fetch

git config master.rebase true

git log --grep=^git-svn-id: --first-parent -1

Step 8: Test git svn info
Takes about a minute to return results.
Note: If it does NOT work no results are ever returned in some cases.
$ git svn info

Step 10: Test "git pull" and "git svn rebase"
Note: I am guessing that the "git svn rebase" should be done after all "git pull" commands.
$ git pull
$ git svn rebase
$ git status

NOTE: "git svn rebase" seems to fail to often for me using the 1.8 version of MSysGit.
I used the steps in file "git svn rebase test 1.txt" instead.
I am now trying "git svn rebase" to see if it work in version 1.9.4.msysgit.2
